%!Adobe-FontList 1.25
%Locale:0x409

%BeginFont
Handler:DirectoryHandler
FontType:Invalid
OutlineFileName:/Users/betuel.uestuen/Desktop/Depressionen/Verpackte Datei/Document fonts/AdobeFnt25.lst
FileLength:2082
FileModTime:804796539
%EndFont

%BeginFont
Handler:DirectoryHandler
FontType:TrueType
FontName:Poppins-Bold
FamilyName:Poppins
StyleName:Bold
MenuName:Poppins
StyleBits:2
WeightClass:700
WidthClass:5
AngleClass:0
FullName:Poppins Bold
WritingScript:Roman
OutlineFileName:/Users/betuel.uestuen/Desktop/Depressionen/Verpackte Datei/Document fonts/Poppins-Bold.ttf
DataFormat:sfntData
hasSVG:no
hasSBIX:no
hasCOLR:no
VariableFontType:NonVariableFont
FileLength:153944
FileModTime:733098366
NameArray:0,Win,1,Poppins
%EndFont

%BeginFont
Handler:DirectoryHandler
FontType:TrueType
FontName:Poppins-Italic
FamilyName:Poppins
StyleName:Italic
MenuName:Poppins
StyleBits:1
WeightClass:400
WidthClass:5
AngleClass:1
FullName:Poppins Italic
WritingScript:Roman
OutlineFileName:/Users/betuel.uestuen/Desktop/Depressionen/Verpackte Datei/Document fonts/Poppins-Italic.ttf
DataFormat:sfntData
hasSVG:no
hasSBIX:no
hasCOLR:no
VariableFontType:NonVariableFont
FileLength:182012
FileModTime:733098366
NameArray:0,Win,1,Poppins
%EndFont

%BeginFont
Handler:DirectoryHandler
FontType:TrueType
FontName:Poppins-Regular
FamilyName:Poppins
StyleName:Regular
MenuName:Poppins
StyleBits:0
WeightClass:400
WidthClass:5
AngleClass:0
FullName:Poppins Regular
WritingScript:Roman
OutlineFileName:/Users/betuel.uestuen/Desktop/Depressionen/Verpackte Datei/Document fonts/Poppins-Regular.ttf
DataFormat:sfntData
hasSVG:no
hasSBIX:no
hasCOLR:no
VariableFontType:NonVariableFont
FileLength:158240
FileModTime:733098366
NameArray:0,Win,1,Poppins
%EndFont

%BeginFont
Handler:DirectoryHandler
FontType:TrueType
FontName:Poppins-SemiBold
FamilyName:Poppins
StyleName:SemiBold
MenuName:Poppins SemiBold
StyleBits:0
WeightClass:600
WidthClass:5
AngleClass:0
FullName:Poppins SemiBold
WritingScript:Roman
OutlineFileName:/Users/betuel.uestuen/Desktop/Depressionen/Verpackte Datei/Document fonts/Poppins-SemiBold.ttf
DataFormat:sfntData
hasSVG:no
hasSBIX:no
hasCOLR:no
VariableFontType:NonVariableFont
FileLength:155232
FileModTime:733098366
NameArray:0,Win,1,Poppins SemiBold
NameArray:0,Win,16,Poppins
%EndFont

